// Jest Snapshot v1, https://goo.gl/fbAQLP

exports[`Pruebas en <MultipleCustomHooks/> debe mostrarse correctamente <MultipleCustomHooks/> 1`] = `
<div>
  <h1>
    Frases de breaking bad
  </h1>
  <hr />
  <div
    className="alert alert-info text-center"
  >
     Loading... 
  </div>
  <button
    className="btn btn-primary"
    onClick={[Function]}
  >
     Siguiente frase
  </button>
</div>
`;
